[thenanonetwork.com/index.html]
[backblue.gif]
[fade.gif]
[index.html]
[thenanonetwork.com/wp-content/themes/nano/images/favicon.png]
[thenanonetwork.com/wp-content/cache/autoptimize/css/autoptimize_single_443a0083792b1ca61e8116184cb5901e.css]
[thenanonetwork.com/feed/index.html]
[thenanonetwork.com/wp-content/cache/autoptimize/css/autoptimize_single_afa5cc6b90fd3c46004ff5511ae8b8eb.css]
[thenanonetwork.com/comments/feed/index.html]
[cdn.jsdelivr.net/npm/bootstrap@5.2.3/dist/css/bootstrap.min.css]
[unpkg.com/aos@2.3.1/dist/aos.css]
[cdn.jsdelivr.net/npm/@popperjs/core@2.11.6/dist/umd/popper.min.js]
[cdn.jsdelivr.net/npm/bootstrap@5.2.3/dist/js/bootstrap.min.js]
[kit.fontawesome.com/15eab69c4e.js]
[unpkg.com/aos@2.3.1/dist/aos.js]
[thenanonetwork.com/wp-json/wp/v2/pages/8.json]
[thenanonetwork.com/wp-json/index.html]
[thenanonetwork.com/xmlrpc0db0.php]
[thenanonetwork.com/wp-json/oembed/1.0/embedd6a7.json]
[thenanonetwork.com/wp-json/oembed/1.0/embed4881]
[thenanonetwork.com/wp-content/themes/nano/images/logo.png]
[thenanonetwork.com/wp-content/uploads/2022/12/NanoNetwork-Whitepaper-V2.pdf]
[thenanonetwork.com/wp-content/themes/nano/images/circle.png]
[thenanonetwork.com/wp-content/themes/nano/images/robot.png]
[thenanonetwork.com/wp-content/uploads/2022/11/collaboration.png]
[thenanonetwork.com/contact/index.html]
[thenanonetwork.com/wp-content/uploads/2022/11/cryptotalk.png]
[thenanonetwork.com/wp-content/uploads/2022/11/nano-wallet.png]
[thenanonetwork.com/wp-content/uploads/2022/11/Chart-1.png]
[thenanonetwork.com/wp-content/uploads/2022/11/liquidity-pool.png]
[thenanonetwork.com/wp-content/uploads/2022/11/marketing-dev.png]
[thenanonetwork.com/wp-content/uploads/2022/11/buyback-burn.png]
[thenanonetwork.com/wp-content/uploads/2022/11/reflections.png]
[thenanonetwork.com/wp-content/themes/nano/images/bank.png]
[thenanonetwork.com/wp-content/uploads/2022/12/partners-scaled.jpg]
[thenanonetwork.com/wp-content/plugins/autoptimize/classes/external/js/lazysizes.min.js]
[thenanonetwork.com/wp-content/cache/autoptimize/js/autoptimize_single_7f0734e228d3f1a255a8b817a5005b8e.js]
[thenanonetwork.com/wp-content/cache/autoptimize/js/autoptimize_single_f57435a927d422043befe66bd74f4d68.js]
[thenanonetwork.com/index.html]
[thenanonetwork.com/xmlrpc.php]
[thenanonetwork.com/wp-content/cache/autoptimize/css/autoptimize_single_443a0083792b1ca61e8116184cb5901e.css]
[thenanonetwork.com/wp-content/themes/nano/images/world.png]
[thenanonetwork.com/wp-content/cache/autoptimize/css/autoptimize_single_afa5cc6b90fd3c46004ff5511ae8b8eb.css]
[cdn.jsdelivr.net/npm/bootstrap@5.2.3/dist/css/bootstrap.min.css]
[unpkg.com/aos@2.3.1/dist/aos.css]
[thenanonetwork.com/wp-json/wp/v2/pages/11.json]
[thenanonetwork.com/wp-json/oembed/1.0/embed5ea2.json]
[thenanonetwork.com/wp-json/oembed/1.0/embedb94f]
[thenanonetwork.com/contact/index.html]
[thenanonetwork.com/wp-content/themes/nano/images/anti-dump.svg]
[localhost/wordpress/wp-content/uploads/2022/11/screenshot.png]
